
> vite_react_shadcn_ts@0.0.0 build
> vite build

[36mvite v5.4.21 [32mbuilding for production...[36m[39m
transforming...
node.exe : 
Browserslist: browsers 
data (caniuse-lite) is 
9 months old. Please 
run:
At C:\Program 
Files\nodejs\npm.ps1:29 
char:3
+   & $NODE_EXE 
$NPM_CLI_JS $args
+   ~~~~~~~~~~~~~~~~~~~~
~~~~~~~~~
    + CategoryInfo      
        : NotSpecifi    
ed: (Browserslist:     
b...ld. Please ru    
n::String) [], Rem    
oteException
    + FullyQualifiedEr  
  rorId : NativeComm    
andError
 
  npx update-browserslis
t-db@latest
  Why you should do it 
regularly: https://githu
b.com/browserslist/updat
e-db#readme
[32mΓ£ô[39m 2136 modules transformed.
rendering chunks...
computing gzip size...
[2mdist/[22m[32mindex.html                                                   [39m[1m[2m    1.20 kB[22m[1m[22m[2m Γöé gzip:   0.55 kB[22m
[2mdist/[22m[32massets/IMAGE-BpC1Ikh0.png                                    [39m[1m[2m    4.22 kB[22m[1m[22m
[2mdist/[22m[32massets/IMAGE-10-ou9uO0Xa.png                                 [39m[1m[2m    4.35 kB[22m[1m[22m
[2mdist/[22m[32massets/IMAGE-9-D63kxWUL.png                                  [39m[1m[2m    4.42 kB[22m[1m[22m
[2mdist/[22m[32massets/green-energy-26OE8nYD.png                             [39m[1m[2m    4.80 kB[22m[1m[22m
[2mdist/[22m[32massets/IMAGE-8-B3lWuNvV.png                                  [39m[1m[2m    5.20 kB[22m[1m[22m
[2mdist/[22m[32massets/shell-logo-Ce4HjhSk.png                               [39m[1m[2m    5.30 kB[22m[1m[22m
[2mdist/[22m[32massets/seplat-D9T78uUt.png                                   [39m[1m[2m    5.40 kB[22m[1m[22m
[2mdist/[22m[32massets/oriental-energy-Dmu5ZqcS.png                          [39m[1m[2m    5.76 kB[22m[1m[22m
[2mdist/[22m[32massets/IMAGE-7-ZsAKvJ0m.png                                  [39m[1m[2m    5.97 kB[22m[1m[22m
[2mdist/[22m[32massets/IMAGE-11-Ck7QJKYm.png                                 [39m[1m[2m    6.95 kB[22m[1m[22m
[2mdist/[22m[32massets/IMAGE-3-DsiyzxAA.png                                  [39m[1m[2m    7.31 kB[22m[1m[22m
[2mdist/[22m[32massets/conex-1--9IgMIYk.jpg                                  [39m[1m[2m   10.57 kB[22m[1m[22m
[2mdist/[22m[32massets/saipem-logo-Dgz2-Hle.jpg                              [39m[1m[2m   10.69 kB[22m[1m[22m
[2mdist/[22m[32massets/Lekki Office-DA8AlPBT.jpg                             [39m[1m[2m   22.60 kB[22m[1m[22m
[2mdist/[22m[32massets/APAC036-BGVWP0a9.jpg                                  [39m[1m[2m   35.51 kB[22m[1m[22m
[2mdist/[22m[32massets/MainLogo-CrbH8UvR.png                                 [39m[1m[2m   41.20 kB[22m[1m[22m
[2mdist/[22m[32massets/Warri Office-ha2Dqirb.jpg                             [39m[1m[2m   74.51 kB[22m[1m[22m
[2mdist/[22m[32massets/Lagos Office-CClaXcCH.jpg                             [39m[1m[2m   78.57 kB[22m[1m[22m
[2mdist/[22m[32massets/Carousel4-xPAUEfR9.jpg                                [39m[1m[2m  165.31 kB[22m[1m[22m
[2mdist/[22m[32massets/Port Harcourt Office-DlccHBNW.jpg                     [39m[1m[2m  167.22 kB[22m[1m[22m
[2mdist/[22m[32massets/Carousel3-DrY890Zc.jpg                                [39m[1m[2m  171.53 kB[22m[1m[22m
[2mdist/[22m[32massets/IMG-20230620-WA0013-BUZb3hI6.jpg                      [39m[1m[2m  175.38 kB[22m[1m[22m
[2mdist/[22m[32massets/Conatry Office-D2C7asuc.jpg                           [39m[1m[2m  175.56 kB[22m[1m[22m
[2mdist/[22m[32massets/Hydrogeology3-Dh-JJYog.jpg                            [39m[1m[2m  195.36 kB[22m[1m[22m
[2mdist/[22m[32massets/shutterstock_343487897-fsQ5Z7LM.jpg                   [39m[1m[2m  202.22 kB[22m[1m[22m
[2mdist/[22m[32massets/20131028_173122-scaled-DKzG6X7y.jpg                   [39m[1m[2m  242.55 kB[22m[1m[22m
[2mdist/[22m[32massets/file-13323803-870x580-1-CCfuM7VD.png                  [39m[1m[2m  256.59 kB[22m[1m[22m
[2mdist/[22m[32massets/NavPicture-Dx_7V9sW.png                               [39m[1m[2m  366.47 kB[22m[1m[22m
[2mdist/[22m[32massets/ConstructionWorkersTalkingBuildingFrame-DNZCgKHB.jpg  [39m[1m[2m  366.68 kB[22m[1m[22m
[2mdist/[22m[32massets/Carousel5-BFfTDA4a.jpg                                [39m[1m[2m  378.41 kB[22m[1m[22m
[2mdist/[22m[32massets/Carousel1-FQKURVbv.mp4                                [39m[1m[2m3,192.57 kB[22m[1m[22m
[2mdist/[22m[32massets/Carousel2-qn_ARgcD.jpg                                [39m[1m[2m5,335.90 kB[22m[1m[22m
[2mdist/[22m[35massets/index-C51bZPa9.css                                    [39m[1m[2m   75.78 kB[22m[1m[22m[2m Γöé gzip:  13.18 kB[22m
[2mdist/[22m[36massets/index-B4vP9kfW.js                                     [39m[1m[33m  630.79 kB[39m[22m[2m Γöé gzip: 215.48 kB[22m
[33m
(!) Some chunks are 
larger than 500 kB 
after minification. 
Consider:
- Using dynamic 
import() to code-split 
the application
- Use build.rollupOption
s.output.manualChunks 
to improve chunking: htt
ps://rollupjs.org/config
uration-options/#output-
manualchunks
- Adjust chunk size 
limit for this warning 
via build.chunkSizeWarni
ngLimit.[39m
[32mΓ£ô built in 19.78s[39m
